===== ANALYST laguna 2026-09-03 16:37:18 UTC =====
[91m[1mError: [0m{
  "name": "UnknownError",
  "data": {
    "message": "Unexpected server error. Check server logs for details.",
    "ref": "err_b616a0d2"
  }
}
===== ANALYST laguna 2026-09-03 19:32:07 UTC =====
[91m[1mError: [0m{
  "name": "UnknownError",
  "data": {
    "message": "Unexpected server error. Check server logs for details.",
    "ref": "err_644ccc31"
  }
}
===== ANALYST laguna 2026-09-03 21:55:25 UTC =====
[91m[1mError: [0m{
  "name": "UnknownError",
  "data": {
    "message": "Unexpected server error. Check server logs for details.",
    "ref": "err_4300a5ef"
  }
}
===== ANALYST laguna 2026-09-03 23:44:25 UTC =====
[91m[1mError: [0m{
  "name": "UnknownError",
  "data": {
    "message": "Unexpected server error. Check server logs for details.",
    "ref": "err_649353a2"
  }
}
===== ANALYST laguna 2026-09-04 01:58:12 UTC =====
[91m[1mError: [0m{
  "name": "UnknownError",
  "data": {
    "message": "Unexpected server error. Check server logs for details.",
    "ref": "err_f78eec53"
  }
}
===== ANALYST laguna 2026-09-04 06:54:36 UTC =====
[91m[1mError: [0m{
  "name": "UnknownError",
  "data": {
    "message": "Unexpected server error. Check server logs for details.",
    "ref": "err_f8322d3a"
  }
}
===== ANALYST laguna 2026-09-04 11:58:22 UTC =====
[91m[1mError: [0m{
  "name": "UnknownError",
  "data": {
    "message": "Unexpected server error. Check server logs for details.",
    "ref": "err_43821c78"
  }
}
===== ANALYST laguna 2026-09-04 15:31:05 UTC =====
[91m[1mError: [0m{
  "name": "UnknownError",
  "data": {
    "message": "Unexpected server error. Check server logs for details.",
    "ref": "err_94a00f2b"
  }
}
===== ANALYST laguna 2026-09-04 18:43:28 UTC =====
[91m[1mError: [0m{
  "name": "UnknownError",
  "data": {
    "message": "Unexpected server error. Check server logs for details.",
    "ref": "err_d598129a"
  }
}
===== ANALYST laguna 2026-09-04 21:05:20 UTC =====
[91m[1mError: [0m{
  "name": "UnknownError",
  "data": {
    "message": "Unexpected server error. Check server logs for details.",
    "ref": "err_45bd180b"
  }
}
===== ANALYST laguna 2026-09-04 22:54:15 UTC =====
[91m[1mError: [0m{
  "name": "UnknownError",
  "data": {
    "message": "Unexpected server error. Check server logs for details.",
    "ref": "err_f4389206"
  }
}
===== ANALYST laguna 2026-09-05 00:33:13 UTC =====
[91m[1mError: [0m{
  "name": "UnknownError",
  "data": {
    "message": "Unexpected server error. Check server logs for details.",
    "ref": "err_bfcdf546"
  }
}
===== ANALYST laguna 2026-09-05 05:01:02 UTC =====
[91m[1mError: [0m{
  "name": "UnknownError",
  "data": {
    "message": "Unexpected server error. Check server logs for details.",
    "ref": "err_cc3376ad"
  }
}
===== ANALYST laguna 2026-09-05 08:46:36 UTC =====
[91m[1mError: [0m{
  "name": "UnknownError",
  "data": {
    "message": "Unexpected server error. Check server logs for details.",
    "ref": "err_566f5344"
  }
}
===== ANALYST laguna 2026-09-05 12:17:02 UTC =====
[91m[1mError: [0m{
  "name": "UnknownError",
  "data": {
    "message": "Unexpected server error. Check server logs for details.",
    "ref": "err_06bf8eeb"
  }
}
===== ANALYST laguna 2026-09-05 15:22:54 UTC =====
[91m[1mError: [0m{
  "name": "UnknownError",
  "data": {
    "message": "Unexpected server error. Check server logs for details.",
    "ref": "err_b80570f5"
  }
}
===== ANALYST laguna 2026-09-05 17:25:57 UTC =====
[91m[1mError: [0m{
  "name": "UnknownError",
  "data": {
    "message": "Unexpected server error. Check server logs for details.",
    "ref": "err_96d8aff5"
  }
}
===== ANALYST laguna 2026-09-05 19:29:40 UTC =====
[91m[1mError: [0m{
  "name": "UnknownError",
  "data": {
    "message": "Unexpected server error. Check server logs for details.",
    "ref": "err_e1796da5"
  }
}
===== ANALYST laguna 2026-09-05 21:41:31 UTC =====
[91m[1mError: [0m{
  "name": "UnknownError",
  "data": {
    "message": "Unexpected server error. Check server logs for details.",
    "ref": "err_20865a3c"
  }
}
===== ANALYST laguna 2026-09-05 23:16:52 UTC =====
[91m[1mError: [0m{
  "name": "UnknownError",
  "data": {
    "message": "Unexpected server error. Check server logs for details.",
    "ref": "err_c31cec85"
  }
}
===== ANALYST laguna 2026-09-06 01:01:32 UTC =====
[91m[1mError: [0m{
  "name": "UnknownError",
  "data": {
    "message": "Unexpected server error. Check server logs for details.",
    "ref": "err_959bdb7e"
  }
}
===== ANALYST laguna 2026-09-06 05:42:15 UTC =====
[91m[1mError: [0m{
  "name": "UnknownError",
  "data": {
    "message": "Unexpected server error. Check server logs for details.",
    "ref": "err_a507d7a5"
  }
}
===== ANALYST laguna 2026-09-06 09:42:02 UTC =====
[91m[1mError: [0m{
  "name": "UnknownError",
  "data": {
    "message": "Unexpected server error. Check server logs for details.",
    "ref": "err_d43717b0"
  }
}
===== ANALYST laguna 2026-09-06 13:16:20 UTC =====
[91m[1mError: [0m{
  "name": "UnknownError",
  "data": {
    "message": "Unexpected server error. Check server logs for details.",
    "ref": "err_a18c179a"
  }
}
===== ANALYST laguna 2026-09-06 16:29:22 UTC =====
[91m[1mError: [0m{
  "name": "UnknownError",
  "data": {
    "message": "Unexpected server error. Check server logs for details.",
    "ref": "err_19b5852b"
  }
}
===== ANALYST laguna 2026-09-06 18:30:22 UTC =====
[91m[1mError: [0m{
  "name": "UnknownError",
  "data": {
    "message": "Unexpected server error. Check server logs for details.",
    "ref": "err_610284a2"
  }
}
===== ANALYST laguna 2026-09-06 20:51:13 UTC =====
[91m[1mError: [0m{
  "name": "UnknownError",
  "data": {
    "message": "Unexpected server error. Check server logs for details.",
    "ref": "err_4a68ce9e"
  }
}
===== ANALYST laguna 2026-09-06 22:37:46 UTC =====
[91m[1mError: [0m{
  "name": "UnknownError",
  "data": {
    "message": "Unexpected server error. Check server logs for details.",
    "ref": "err_383a224f"
  }
}
===== ANALYST laguna 2026-09-07 00:20:36 UTC =====
[91m[1mError: [0m{
  "name": "UnknownError",
  "data": {
    "message": "Unexpected server error. Check server logs for details.",
    "ref": "err_7d8b3cb3"
  }
}
===== ANALYST laguna 2026-09-07 04:52:18 UTC =====
[91m[1mError: [0m{
  "name": "UnknownError",
  "data": {
    "message": "Unexpected server error. Check server logs for details.",
    "ref": "err_51948d48"
  }
}
===== ANALYST laguna 2026-09-07 09:54:54 UTC =====
[91m[1mError: [0m{
  "name": "UnknownError",
  "data": {
    "message": "Unexpected server error. Check server logs for details.",
    "ref": "err_8115566a"
  }
}
===== ANALYST laguna 2026-09-07 15:30:49 UTC =====
[91m[1mError: [0m{
  "name": "UnknownError",
  "data": {
    "message": "Unexpected server error. Check server logs for details.",
    "ref": "err_74871a97"
  }
}
===== ANALYST laguna 2026-09-07 19:24:02 UTC =====
[91m[1mError: [0m{
  "name": "UnknownError",
  "data": {
    "message": "Unexpected server error. Check server logs for details.",
    "ref": "err_5d150df7"
  }
}
===== ANALYST laguna 2026-09-07 22:16:02 UTC =====
[91m[1mError: [0m{
  "name": "UnknownError",
  "data": {
    "message": "Unexpected server error. Check server logs for details.",
    "ref": "err_c98d4850"
  }
}
===== ANALYST laguna 2026-09-08 00:32:59 UTC =====
[91m[1mError: [0m{
  "name": "UnknownError",
  "data": {
    "message": "Unexpected server error. Check server logs for details.",
    "ref": "err_699552cf"
  }
}
===== ANALYST laguna 2026-09-08 05:18:10 UTC =====
[91m[1mError: [0m{
  "name": "UnknownError",
  "data": {
    "message": "Unexpected server error. Check server logs for details.",
    "ref": "err_e7d73f4f"
  }
}
===== ANALYST laguna 2026-09-08 09:56:43 UTC =====
[91m[1mError: [0m{
  "name": "UnknownError",
  "data": {
    "message": "Unexpected server error. Check server logs for details.",
    "ref": "err_3ed1f460"
  }
}
===== ANALYST laguna 2026-09-08 14:06:23 UTC =====
[91m[1mError: [0m{
  "name": "UnknownError",
  "data": {
    "message": "Unexpected server error. Check server logs for details.",
    "ref": "err_9331d8f8"
  }
}
===== ANALYST laguna 2026-09-08 17:48:00 UTC =====
[91m[1mError: [0m{
  "name": "UnknownError",
  "data": {
    "message": "Unexpected server error. Check server logs for details.",
    "ref": "err_208cc989"
  }
}
===== ANALYST laguna 2026-09-08 20:31:58 UTC =====
[91m[1mError: [0m{
  "name": "UnknownError",
  "data": {
    "message": "Unexpected server error. Check server logs for details.",
    "ref": "err_abecad92"
  }
}
===== ANALYST laguna 2026-09-08 23:00:52 UTC =====
[91m[1mError: [0m{
  "name": "UnknownError",
  "data": {
    "message": "Unexpected server error. Check server logs for details.",
    "ref": "err_7469f4d2"
  }
}
===== ANALYST laguna 2026-09-09 00:59:45 UTC =====
[91m[1mError: [0m{
  "name": "UnknownError",
  "data": {
    "message": "Unexpected server error. Check server logs for details.",
    "ref": "err_f00313e1"
  }
}
===== ANALYST laguna 2026-09-09 05:46:07 UTC =====
[91m[1mError: [0m{
  "name": "UnknownError",
  "data": {
    "message": "Unexpected server error. Check server logs for details.",
    "ref": "err_1298f2b7"
  }
}
===== ANALYST laguna 2026-09-09 10:11:05 UTC =====
[91m[1mError: [0m{
  "name": "UnknownError",
  "data": {
    "message": "Unexpected server error. Check server logs for details.",
    "ref": "err_a2bec321"
  }
}
