===== ANALYST ling3 2026-09-03 16:37:18 UTC =====
[91m[1mError: [0m{
  "name": "UnknownError",
  "data": {
    "message": "Unexpected server error. Check server logs for details.",
    "ref": "err_43684503"
  }
}
===== ANALYST ling3 2026-09-03 19:32:07 UTC =====
[91m[1mError: [0m{
  "name": "UnknownError",
  "data": {
    "message": "Unexpected server error. Check server logs for details.",
    "ref": "err_5f33051b"
  }
}
===== ANALYST ling3 2026-09-03 21:55:25 UTC =====
[91m[1mError: [0m{
  "name": "UnknownError",
  "data": {
    "message": "Unexpected server error. Check server logs for details.",
    "ref": "err_6dea5f54"
  }
}
===== ANALYST ling3 2026-09-03 23:44:25 UTC =====
[91m[1mError: [0m{
  "name": "UnknownError",
  "data": {
    "message": "Unexpected server error. Check server logs for details.",
    "ref": "err_b07b3668"
  }
}
===== ANALYST ling3 2026-09-04 01:58:12 UTC =====
[91m[1mError: [0m{
  "name": "UnknownError",
  "data": {
    "message": "Unexpected server error. Check server logs for details.",
    "ref": "err_613dda2a"
  }
}
===== ANALYST ling3 2026-09-04 06:54:36 UTC =====
[91m[1mError: [0m{
  "name": "UnknownError",
  "data": {
    "message": "Unexpected server error. Check server logs for details.",
    "ref": "err_6b3cae81"
  }
}
===== ANALYST ling3 2026-09-04 11:58:22 UTC =====
[91m[1mError: [0m{
  "name": "UnknownError",
  "data": {
    "message": "Unexpected server error. Check server logs for details.",
    "ref": "err_7d049352"
  }
}
===== ANALYST ling3 2026-09-04 15:31:05 UTC =====
[91m[1mError: [0m{
  "name": "UnknownError",
  "data": {
    "message": "Unexpected server error. Check server logs for details.",
    "ref": "err_d515200c"
  }
}
===== ANALYST ling3 2026-09-04 18:43:28 UTC =====
[91m[1mError: [0m{
  "name": "UnknownError",
  "data": {
    "message": "Unexpected server error. Check server logs for details.",
    "ref": "err_92510f19"
  }
}
===== ANALYST ling3 2026-09-04 21:05:20 UTC =====
[91m[1mError: [0m{
  "name": "UnknownError",
  "data": {
    "message": "Unexpected server error. Check server logs for details.",
    "ref": "err_11b8955c"
  }
}
===== ANALYST ling3 2026-09-04 22:54:15 UTC =====
[91m[1mError: [0m{
  "name": "UnknownError",
  "data": {
    "message": "Unexpected server error. Check server logs for details.",
    "ref": "err_eab04d70"
  }
}
===== ANALYST ling3 2026-09-05 00:33:13 UTC =====
[91m[1mError: [0m{
  "name": "UnknownError",
  "data": {
    "message": "Unexpected server error. Check server logs for details.",
    "ref": "err_c81200f9"
  }
}
===== ANALYST ling3 2026-09-05 05:01:02 UTC =====
[91m[1mError: [0m{
  "name": "UnknownError",
  "data": {
    "message": "Unexpected server error. Check server logs for details.",
    "ref": "err_eee0adf3"
  }
}
===== ANALYST ling3 2026-09-05 08:46:36 UTC =====
[91m[1mError: [0m{
  "name": "UnknownError",
  "data": {
    "message": "Unexpected server error. Check server logs for details.",
    "ref": "err_b69e5e0b"
  }
}
===== ANALYST ling3 2026-09-05 12:17:02 UTC =====
[91m[1mError: [0m{
  "name": "UnknownError",
  "data": {
    "message": "Unexpected server error. Check server logs for details.",
    "ref": "err_8e0c7c10"
  }
}
===== ANALYST ling3 2026-09-05 15:22:54 UTC =====
[91m[1mError: [0m{
  "name": "UnknownError",
  "data": {
    "message": "Unexpected server error. Check server logs for details.",
    "ref": "err_274ec895"
  }
}
===== ANALYST ling3 2026-09-05 17:25:57 UTC =====
[91m[1mError: [0m{
  "name": "UnknownError",
  "data": {
    "message": "Unexpected server error. Check server logs for details.",
    "ref": "err_591910bf"
  }
}
===== ANALYST ling3 2026-09-05 19:29:40 UTC =====
[91m[1mError: [0m{
  "name": "UnknownError",
  "data": {
    "message": "Unexpected server error. Check server logs for details.",
    "ref": "err_914a68f8"
  }
}
===== ANALYST ling3 2026-09-05 21:41:31 UTC =====
[91m[1mError: [0m{
  "name": "UnknownError",
  "data": {
    "message": "Unexpected server error. Check server logs for details.",
    "ref": "err_b3d4232d"
  }
}
===== ANALYST ling3 2026-09-05 23:16:52 UTC =====
[91m[1mError: [0m{
  "name": "UnknownError",
  "data": {
    "message": "Unexpected server error. Check server logs for details.",
    "ref": "err_5a15dd03"
  }
}
===== ANALYST ling3 2026-09-06 01:01:32 UTC =====
[91m[1mError: [0m{
  "name": "UnknownError",
  "data": {
    "message": "Unexpected server error. Check server logs for details.",
    "ref": "err_9ee787c2"
  }
}
===== ANALYST ling3 2026-09-06 05:42:15 UTC =====
[91m[1mError: [0m{
  "name": "UnknownError",
  "data": {
    "message": "Unexpected server error. Check server logs for details.",
    "ref": "err_34d45052"
  }
}
===== ANALYST ling3 2026-09-06 09:42:02 UTC =====
[91m[1mError: [0m{
  "name": "UnknownError",
  "data": {
    "message": "Unexpected server error. Check server logs for details.",
    "ref": "err_9602912d"
  }
}
===== ANALYST ling3 2026-09-06 13:16:20 UTC =====
[91m[1mError: [0m{
  "name": "UnknownError",
  "data": {
    "message": "Unexpected server error. Check server logs for details.",
    "ref": "err_b359629b"
  }
}
===== ANALYST ling3 2026-09-06 16:29:22 UTC =====
[91m[1mError: [0m{
  "name": "UnknownError",
  "data": {
    "message": "Unexpected server error. Check server logs for details.",
    "ref": "err_6ee955ac"
  }
}
===== ANALYST ling3 2026-09-06 18:30:22 UTC =====
[91m[1mError: [0m{
  "name": "UnknownError",
  "data": {
    "message": "Unexpected server error. Check server logs for details.",
    "ref": "err_07a8eb85"
  }
}
===== ANALYST ling3 2026-09-06 20:51:13 UTC =====
[91m[1mError: [0m{
  "name": "UnknownError",
  "data": {
    "message": "Unexpected server error. Check server logs for details.",
    "ref": "err_a0663444"
  }
}
===== ANALYST ling3 2026-09-06 22:37:46 UTC =====
[91m[1mError: [0m{
  "name": "UnknownError",
  "data": {
    "message": "Unexpected server error. Check server logs for details.",
    "ref": "err_55482573"
  }
}
===== ANALYST ling3 2026-09-07 00:20:36 UTC =====
[91m[1mError: [0m{
  "name": "UnknownError",
  "data": {
    "message": "Unexpected server error. Check server logs for details.",
    "ref": "err_54981a2a"
  }
}
===== ANALYST ling3 2026-09-07 04:52:18 UTC =====
[91m[1mError: [0m{
  "name": "UnknownError",
  "data": {
    "message": "Unexpected server error. Check server logs for details.",
    "ref": "err_a3d428ba"
  }
}
===== ANALYST ling3 2026-09-07 09:54:54 UTC =====
[91m[1mError: [0m{
  "name": "UnknownError",
  "data": {
    "message": "Unexpected server error. Check server logs for details.",
    "ref": "err_2bffdfdb"
  }
}
===== ANALYST ling3 2026-09-07 15:30:49 UTC =====
[91m[1mError: [0m{
  "name": "UnknownError",
  "data": {
    "message": "Unexpected server error. Check server logs for details.",
    "ref": "err_e6480bc5"
  }
}
===== ANALYST ling3 2026-09-07 19:24:02 UTC =====
[91m[1mError: [0m{
  "name": "UnknownError",
  "data": {
    "message": "Unexpected server error. Check server logs for details.",
    "ref": "err_f678530f"
  }
}
===== ANALYST ling3 2026-09-07 22:16:02 UTC =====
[91m[1mError: [0m{
  "name": "UnknownError",
  "data": {
    "message": "Unexpected server error. Check server logs for details.",
    "ref": "err_1103e545"
  }
}
===== ANALYST ling3 2026-09-08 00:32:59 UTC =====
[91m[1mError: [0m{
  "name": "UnknownError",
  "data": {
    "message": "Unexpected server error. Check server logs for details.",
    "ref": "err_c0db4537"
  }
}
===== ANALYST ling3 2026-09-08 05:18:10 UTC =====
[91m[1mError: [0m{
  "name": "UnknownError",
  "data": {
    "message": "Unexpected server error. Check server logs for details.",
    "ref": "err_cbab9d14"
  }
}
===== ANALYST ling3 2026-09-08 09:56:43 UTC =====
[91m[1mError: [0m{
  "name": "UnknownError",
  "data": {
    "message": "Unexpected server error. Check server logs for details.",
    "ref": "err_103cfc3f"
  }
}
===== ANALYST ling3 2026-09-08 14:06:23 UTC =====
[91m[1mError: [0m{
  "name": "UnknownError",
  "data": {
    "message": "Unexpected server error. Check server logs for details.",
    "ref": "err_51470923"
  }
}
===== ANALYST ling3 2026-09-08 17:48:00 UTC =====
[91m[1mError: [0m{
  "name": "UnknownError",
  "data": {
    "message": "Unexpected server error. Check server logs for details.",
    "ref": "err_bd1fa8df"
  }
}
===== ANALYST ling3 2026-09-08 20:31:58 UTC =====
[91m[1mError: [0m{
  "name": "UnknownError",
  "data": {
    "message": "Unexpected server error. Check server logs for details.",
    "ref": "err_9f1608e7"
  }
}
===== ANALYST ling3 2026-09-08 23:00:52 UTC =====
[91m[1mError: [0m{
  "name": "UnknownError",
  "data": {
    "message": "Unexpected server error. Check server logs for details.",
    "ref": "err_f4bb4214"
  }
}
===== ANALYST ling3 2026-09-09 00:59:45 UTC =====
[91m[1mError: [0m{
  "name": "UnknownError",
  "data": {
    "message": "Unexpected server error. Check server logs for details.",
    "ref": "err_c0a22837"
  }
}
===== ANALYST ling3 2026-09-09 05:46:07 UTC =====
[91m[1mError: [0m{
  "name": "UnknownError",
  "data": {
    "message": "Unexpected server error. Check server logs for details.",
    "ref": "err_59f9dcf7"
  }
}
===== ANALYST ling3 2026-09-09 10:11:05 UTC =====
[91m[1mError: [0m{
  "name": "UnknownError",
  "data": {
    "message": "Unexpected server error. Check server logs for details.",
    "ref": "err_59840ed9"
  }
}
===== ANALYST ling3 2026-09-09 14:44:32 UTC =====
[91m[1mError: [0m{
  "name": "UnknownError",
  "data": {
    "message": "Unexpected server error. Check server logs for details.",
    "ref": "err_dd6ec249"
  }
}
===== ANALYST ling3 2026-09-09 18:00:18 UTC =====
[91m[1mError: [0m{
  "name": "UnknownError",
  "data": {
    "message": "Unexpected server error. Check server logs for details.",
    "ref": "err_f70bc957"
  }
}
===== ANALYST ling3 2026-09-09 20:24:52 UTC =====
[91m[1mError: [0m{
  "name": "UnknownError",
  "data": {
    "message": "Unexpected server error. Check server logs for details.",
    "ref": "err_4f52ce6e"
  }
}
===== ANALYST ling3 2026-09-09 23:03:26 UTC =====
[91m[1mError: [0m{
  "name": "UnknownError",
  "data": {
    "message": "Unexpected server error. Check server logs for details.",
    "ref": "err_2104cf84"
  }
}
===== ANALYST ling3 2026-09-10 00:44:01 UTC =====
[91m[1mError: [0m{
  "name": "UnknownError",
  "data": {
    "message": "Unexpected server error. Check server logs for details.",
    "ref": "err_13558d1b"
  }
}
===== ANALYST ling3 2026-09-10 05:29:27 UTC =====
[91m[1mError: [0m{
  "name": "UnknownError",
  "data": {
    "message": "Unexpected server error. Check server logs for details.",
    "ref": "err_a1090b59"
  }
}
===== ANALYST ling3 2026-09-10 10:02:16 UTC =====
[91m[1mError: [0m{
  "name": "UnknownError",
  "data": {
    "message": "Unexpected server error. Check server logs for details.",
    "ref": "err_648c4945"
  }
}
===== ANALYST ling3 2026-09-10 14:36:54 UTC =====
[91m[1mError: [0m{
  "name": "UnknownError",
  "data": {
    "message": "Unexpected server error. Check server logs for details.",
    "ref": "err_53041b94"
  }
}
===== ANALYST ling3 2026-09-10 17:58:04 UTC =====
[91m[1mError: [0m{
  "name": "UnknownError",
  "data": {
    "message": "Unexpected server error. Check server logs for details.",
    "ref": "err_d1bf8cfe"
  }
}
===== ANALYST ling3 2026-09-10 20:15:20 UTC =====
[91m[1mError: [0m{
  "name": "UnknownError",
  "data": {
    "message": "Unexpected server error. Check server logs for details.",
    "ref": "err_94ffd612"
  }
}
===== ANALYST ling3 2026-09-10 22:37:59 UTC =====
[91m[1mError: [0m{
  "name": "UnknownError",
  "data": {
    "message": "Unexpected server error. Check server logs for details.",
    "ref": "err_6edf72d9"
  }
}
===== ANALYST ling3 2026-09-11 00:33:08 UTC =====
[91m[1mError: [0m{
  "name": "UnknownError",
  "data": {
    "message": "Unexpected server error. Check server logs for details.",
    "ref": "err_5aa834e8"
  }
}
===== ANALYST ling3 2026-09-11 05:10:40 UTC =====
[91m[1mError: [0m{
  "name": "UnknownError",
  "data": {
    "message": "Unexpected server error. Check server logs for details.",
    "ref": "err_8fb02009"
  }
}
===== ANALYST ling3 2026-09-11 09:50:31 UTC =====
[91m[1mError: [0m{
  "name": "UnknownError",
  "data": {
    "message": "Unexpected server error. Check server logs for details.",
    "ref": "err_4214a112"
  }
}
===== ANALYST ling3 2026-09-11 13:59:20 UTC =====
[91m[1mError: [0m{
  "name": "UnknownError",
  "data": {
    "message": "Unexpected server error. Check server logs for details.",
    "ref": "err_5df9edaf"
  }
}
