===== ANALYST longcat 2026-09-03 16:37:18 UTC =====
[91m[1mError: [0m{
  "name": "UnknownError",
  "data": {
    "message": "Unexpected server error. Check server logs for details.",
    "ref": "err_a7f9a282"
  }
}
===== ANALYST longcat 2026-09-03 19:32:07 UTC =====
[91m[1mError: [0m{
  "name": "UnknownError",
  "data": {
    "message": "Unexpected server error. Check server logs for details.",
    "ref": "err_3c47d7bf"
  }
}
===== ANALYST longcat 2026-09-03 21:55:25 UTC =====
[91m[1mError: [0m{
  "name": "UnknownError",
  "data": {
    "message": "Unexpected server error. Check server logs for details.",
    "ref": "err_cf716ad7"
  }
}
===== ANALYST longcat 2026-09-03 23:44:25 UTC =====
[91m[1mError: [0m{
  "name": "UnknownError",
  "data": {
    "message": "Unexpected server error. Check server logs for details.",
    "ref": "err_cdfcb7ab"
  }
}
===== ANALYST longcat 2026-09-04 01:58:12 UTC =====
[91m[1mError: [0m{
  "name": "UnknownError",
  "data": {
    "message": "Unexpected server error. Check server logs for details.",
    "ref": "err_26a057b3"
  }
}
===== ANALYST longcat 2026-09-04 06:54:36 UTC =====
[91m[1mError: [0m{
  "name": "UnknownError",
  "data": {
    "message": "Unexpected server error. Check server logs for details.",
    "ref": "err_4d7abc48"
  }
}
===== ANALYST longcat 2026-09-04 11:58:22 UTC =====
[91m[1mError: [0m{
  "name": "UnknownError",
  "data": {
    "message": "Unexpected server error. Check server logs for details.",
    "ref": "err_3400fb77"
  }
}
===== ANALYST longcat 2026-09-04 15:31:05 UTC =====
[91m[1mError: [0m{
  "name": "UnknownError",
  "data": {
    "message": "Unexpected server error. Check server logs for details.",
    "ref": "err_f7324dee"
  }
}
===== ANALYST longcat 2026-09-04 18:43:28 UTC =====
[91m[1mError: [0m{
  "name": "UnknownError",
  "data": {
    "message": "Unexpected server error. Check server logs for details.",
    "ref": "err_50447fd2"
  }
}
===== ANALYST longcat 2026-09-04 21:05:20 UTC =====
[91m[1mError: [0m{
  "name": "UnknownError",
  "data": {
    "message": "Unexpected server error. Check server logs for details.",
    "ref": "err_5b97d819"
  }
}
===== ANALYST longcat 2026-09-04 22:54:15 UTC =====
[91m[1mError: [0m{
  "name": "UnknownError",
  "data": {
    "message": "Unexpected server error. Check server logs for details.",
    "ref": "err_0aec70ee"
  }
}
===== ANALYST longcat 2026-09-05 00:33:13 UTC =====
[91m[1mError: [0m{
  "name": "UnknownError",
  "data": {
    "message": "Unexpected server error. Check server logs for details.",
    "ref": "err_d0f3b814"
  }
}
===== ANALYST longcat 2026-09-05 05:01:02 UTC =====
[91m[1mError: [0m{
  "name": "UnknownError",
  "data": {
    "message": "Unexpected server error. Check server logs for details.",
    "ref": "err_04319acf"
  }
}
===== ANALYST longcat 2026-09-05 08:46:36 UTC =====
[91m[1mError: [0m{
  "name": "UnknownError",
  "data": {
    "message": "Unexpected server error. Check server logs for details.",
    "ref": "err_bad38781"
  }
}
===== ANALYST longcat 2026-09-05 12:17:02 UTC =====
[91m[1mError: [0m{
  "name": "UnknownError",
  "data": {
    "message": "Unexpected server error. Check server logs for details.",
    "ref": "err_5ced12dc"
  }
}
===== ANALYST longcat 2026-09-05 15:22:54 UTC =====
[91m[1mError: [0m{
  "name": "UnknownError",
  "data": {
    "message": "Unexpected server error. Check server logs for details.",
    "ref": "err_8edfeea2"
  }
}
===== ANALYST longcat 2026-09-05 17:25:57 UTC =====
[91m[1mError: [0m{
  "name": "UnknownError",
  "data": {
    "message": "Unexpected server error. Check server logs for details.",
    "ref": "err_075e7418"
  }
}
===== ANALYST longcat 2026-09-05 19:29:40 UTC =====
[91m[1mError: [0m{
  "name": "UnknownError",
  "data": {
    "message": "Unexpected server error. Check server logs for details.",
    "ref": "err_6d3545e0"
  }
}
===== ANALYST longcat 2026-09-05 21:41:31 UTC =====
[91m[1mError: [0m{
  "name": "UnknownError",
  "data": {
    "message": "Unexpected server error. Check server logs for details.",
    "ref": "err_f8680cf0"
  }
}
===== ANALYST longcat 2026-09-05 23:16:52 UTC =====
[91m[1mError: [0m{
  "name": "UnknownError",
  "data": {
    "message": "Unexpected server error. Check server logs for details.",
    "ref": "err_87a29f52"
  }
}
===== ANALYST longcat 2026-09-06 01:01:32 UTC =====
[91m[1mError: [0m{
  "name": "UnknownError",
  "data": {
    "message": "Unexpected server error. Check server logs for details.",
    "ref": "err_d31e8c3f"
  }
}
===== ANALYST longcat 2026-09-06 05:42:15 UTC =====
[91m[1mError: [0m{
  "name": "UnknownError",
  "data": {
    "message": "Unexpected server error. Check server logs for details.",
    "ref": "err_f2b732d0"
  }
}
===== ANALYST longcat 2026-09-06 09:42:02 UTC =====
[91m[1mError: [0m{
  "name": "UnknownError",
  "data": {
    "message": "Unexpected server error. Check server logs for details.",
    "ref": "err_2635ee41"
  }
}
===== ANALYST longcat 2026-09-06 13:16:20 UTC =====
[91m[1mError: [0m{
  "name": "UnknownError",
  "data": {
    "message": "Unexpected server error. Check server logs for details.",
    "ref": "err_8316f854"
  }
}
===== ANALYST longcat 2026-09-06 16:29:22 UTC =====
[91m[1mError: [0m{
  "name": "UnknownError",
  "data": {
    "message": "Unexpected server error. Check server logs for details.",
    "ref": "err_a5b5c257"
  }
}
===== ANALYST longcat 2026-09-06 18:30:22 UTC =====
[91m[1mError: [0m{
  "name": "UnknownError",
  "data": {
    "message": "Unexpected server error. Check server logs for details.",
    "ref": "err_85131ee5"
  }
}
===== ANALYST longcat 2026-09-06 20:51:13 UTC =====
[91m[1mError: [0m{
  "name": "UnknownError",
  "data": {
    "message": "Unexpected server error. Check server logs for details.",
    "ref": "err_c1866466"
  }
}
===== ANALYST longcat 2026-09-06 22:37:46 UTC =====
[91m[1mError: [0m{
  "name": "UnknownError",
  "data": {
    "message": "Unexpected server error. Check server logs for details.",
    "ref": "err_a5571e4f"
  }
}
===== ANALYST longcat 2026-09-07 00:20:36 UTC =====
[91m[1mError: [0m{
  "name": "UnknownError",
  "data": {
    "message": "Unexpected server error. Check server logs for details.",
    "ref": "err_68f8f4f9"
  }
}
===== ANALYST longcat 2026-09-07 04:52:18 UTC =====
[91m[1mError: [0m{
  "name": "UnknownError",
  "data": {
    "message": "Unexpected server error. Check server logs for details.",
    "ref": "err_22202cbd"
  }
}
===== ANALYST longcat 2026-09-07 09:54:54 UTC =====
[91m[1mError: [0m{
  "name": "UnknownError",
  "data": {
    "message": "Unexpected server error. Check server logs for details.",
    "ref": "err_9b9341f8"
  }
}
===== ANALYST longcat 2026-09-07 15:30:49 UTC =====
[91m[1mError: [0m{
  "name": "UnknownError",
  "data": {
    "message": "Unexpected server error. Check server logs for details.",
    "ref": "err_35a52061"
  }
}
===== ANALYST longcat 2026-09-07 19:24:02 UTC =====
[91m[1mError: [0m{
  "name": "UnknownError",
  "data": {
    "message": "Unexpected server error. Check server logs for details.",
    "ref": "err_1822920c"
  }
}
===== ANALYST longcat 2026-09-07 22:16:02 UTC =====
[91m[1mError: [0m{
  "name": "UnknownError",
  "data": {
    "message": "Unexpected server error. Check server logs for details.",
    "ref": "err_524ba13e"
  }
}
===== ANALYST longcat 2026-09-08 00:32:59 UTC =====
[91m[1mError: [0m{
  "name": "UnknownError",
  "data": {
    "message": "Unexpected server error. Check server logs for details.",
    "ref": "err_84580896"
  }
}
===== ANALYST longcat 2026-09-08 05:18:10 UTC =====
[91m[1mError: [0m{
  "name": "UnknownError",
  "data": {
    "message": "Unexpected server error. Check server logs for details.",
    "ref": "err_a3c907db"
  }
}
===== ANALYST longcat 2026-09-08 09:56:43 UTC =====
[91m[1mError: [0m{
  "name": "UnknownError",
  "data": {
    "message": "Unexpected server error. Check server logs for details.",
    "ref": "err_1cfebbcf"
  }
}
===== ANALYST longcat 2026-09-08 14:06:23 UTC =====
[91m[1mError: [0m{
  "name": "UnknownError",
  "data": {
    "message": "Unexpected server error. Check server logs for details.",
    "ref": "err_113b9bf0"
  }
}
===== ANALYST longcat 2026-09-08 17:48:00 UTC =====
[91m[1mError: [0m{
  "name": "UnknownError",
  "data": {
    "message": "Unexpected server error. Check server logs for details.",
    "ref": "err_26083507"
  }
}
===== ANALYST longcat 2026-09-08 20:31:58 UTC =====
[91m[1mError: [0m{
  "name": "UnknownError",
  "data": {
    "message": "Unexpected server error. Check server logs for details.",
    "ref": "err_e615e539"
  }
}
